// Jest Snapshot v1, https://goo.gl/fbAQLP

exports[`Home page matches snapshot 1`] = `
<DocumentFragment>
  <div
    class="makeStyles-root-1"
  >
    <header
      class="MuiPaper-root MuiAppBar-root MuiAppBar-positionStatic MuiAppBar-colorPrimary MuiPaper-elevation4"
    >
      <div
        class="MuiToolbar-root MuiToolbar-regular MuiToolbar-gutters"
      >
        <div>
          <button
            aria-label="menu"
            class="MuiButtonBase-root MuiIconButton-root makeStyles-menuButton-5 MuiIconButton-colorInherit MuiIconButton-edgeStart"
            tabindex="0"
            type="button"
          >
            <span
              class="MuiIconButton-label"
            >
              <svg
                aria-hidden="true"
                class="MuiSvgIcon-root"
                focusable="false"
                viewBox="0 0 24 24"
              >
                <path
                  d="M3 18h18v-2H3v2zm0-5h18v-2H3v2zm0-7v2h18V6H3z"
                />
              </svg>
            </span>
            <span
              class="MuiTouchRipple-root"
            />
          </button>
        </div>
        <div
          class="MuiContainer-root MuiContainer-maxWidthMd"
        >
          <h6
            class="MuiTypography-root makeStyles-title-2 MuiTypography-h6"
          >
            Home
          </h6>
        </div>
        <button
          class="MuiButtonBase-root MuiButton-root MuiButton-text MuiButton-colorInherit"
          tabindex="0"
          type="button"
        >
          <span
            class="MuiButton-label"
          >
            Login
          </span>
          <span
            class="MuiTouchRipple-root"
          />
        </button>
      </div>
    </header>
  </div>
  <div
    class="MuiBox-root MuiBox-root-6"
  >
    <div
      class="MuiContainer-root MuiContainer-maxWidthSm"
    >
      <div
        class="MuiBox-root MuiBox-root-7"
      >
        <h1
          class="MuiTypography-root MuiTypography-h4 MuiTypography-gutterBottom"
        >
          Next.js example
        </h1>
        <a
          aria-disabled="false"
          class="MuiButtonBase-root MuiButton-root MuiButton-text MuiButton-textPrimary"
          href="/about"
          role="button"
          tabindex="0"
        >
          <span
            class="MuiButton-label"
          >
            Go to the about page
          </span>
          <span
            class="MuiTouchRipple-root"
          />
        </a>
        <p
          class="MuiTypography-root makeStyles-root-8 MuiTypography-body1 MuiTypography-colorTextSecondary"
        >
          <svg
            aria-hidden="true"
            class="MuiSvgIcon-root makeStyles-lightBulb-9"
            focusable="false"
            viewBox="0 0 24 24"
          >
            <path
              d="M9 21c0 .55.45 1 1 1h4c.55 0 1-.45 1-1v-1H9v1zm3-19C8.14 2 5 5.14 5 9c0 2.38 1.19 4.47 3 5.74V17c0 .55.45 1 1 1h6c.55 0 1-.45 1-1v-2.26c1.81-1.27 3-3.36 3-5.74 0-3.86-3.14-7-7-7zm2.85 11.1l-.85.6V16h-4v-2.3l-.85-.6C7.8 12.16 7 10.63 7 9c0-2.76 2.24-5 5-5s5 2.24 5 5c0 1.63-.8 3.16-2.15 4.1z"
            />
          </svg>
          Pro tip: See more 
          <a
            class="MuiTypography-root MuiLink-root MuiLink-underlineHover MuiTypography-colorPrimary"
            href="https://material-ui.com/getting-started/templates/"
          >
            templates
          </a>
           on the Material-UI documentation.
        </p>
        <p
          class="MuiTypography-root MuiTypography-body2 MuiTypography-colorTextSecondary MuiTypography-alignCenter"
        >
          Copyright © 
          <a
            class="MuiTypography-root MuiLink-root MuiLink-underlineHover MuiTypography-colorInherit"
            href="https://material-ui.com/"
          >
            Tyler Sustare
          </a>
           2020.
        </p>
      </div>
    </div>
  </div>
</DocumentFragment>
`;
